2025-02-01T08:45:46: Error creating A/R Invoice: {
2025-02-01T08:45:46:   error: {
2025-02-01T08:45:46:     code: -5002,
2025-02-01T08:45:46:     message: {
2025-02-01T08:45:46:       lang: 'en-us',
2025-02-01T08:45:46:       value: " [DocumentLines.ItemCode][line: 2] , 'Business partner catalog number linked to item not specified as sales item (2)'"
2025-02-01T08:45:46:     }
2025-02-01T08:45:46:   }
2025-02-01T08:45:46: }
2025-02-01T09:52:58: ^C
2025-02-01T09:52:58: ^C
2025-02-01T09:53:09: ^C
2025-02-01T09:53:09: ^C
2025-02-02T08:20:50: Error creating A/R Invoice: {
2025-02-02T08:20:50:   error: {
2025-02-02T08:20:50:     code: -5002,
2025-02-02T08:20:50:     message: {
2025-02-02T08:20:50:       lang: 'en-us',
2025-02-02T08:20:50:       value: '10000100 - Document total value must be zero or greater than zero'
2025-02-02T08:20:50:     }
2025-02-02T08:20:50:   }
2025-02-02T08:20:50: }
2025-02-02T08:21:14: Error cancelling quotation: {
2025-02-02T08:21:14:   error: {
2025-02-02T08:21:14:     code: -5006,
2025-02-02T08:21:14:     message: {
2025-02-02T08:21:14:       lang: 'en-us',
2025-02-02T08:21:14:       value: 'Document is already closed and cannot be canceled.'
2025-02-02T08:21:14:     }
2025-02-02T08:21:14:   }
2025-02-02T08:21:14: }
2025-02-02T08:50:55: Error fetching invoice details: {
2025-02-02T08:50:55:   error: {
2025-02-02T08:50:55:     code: -2028,
2025-02-02T08:50:55:     message: { lang: 'en-us', value: 'No matching records found (ODBC -2028)' }
2025-02-02T08:50:55:   }
2025-02-02T08:50:55: }
2025-02-02T08:50:57: Error fetching invoice details: {
2025-02-02T08:50:57:   error: {
2025-02-02T08:50:57:     code: -2028,
2025-02-02T08:50:57:     message: { lang: 'en-us', value: 'No matching records found (ODBC -2028)' }
2025-02-02T08:50:57:   }
2025-02-02T08:50:57: }
2025-02-02T08:51:13: Error fetching invoice details: {
2025-02-02T08:51:13:   error: {
2025-02-02T08:51:13:     code: -2028,
2025-02-02T08:51:13:     message: { lang: 'en-us', value: 'No matching records found (ODBC -2028)' }
2025-02-02T08:51:13:   }
2025-02-02T08:51:13: }
2025-02-08T10:29:46: Error creating A/R Invoice: {
2025-02-08T10:29:46:   error: {
2025-02-08T10:29:46:     code: -10,
2025-02-08T10:29:46:     message: {
2025-02-08T10:29:46:       lang: 'en-us',
2025-02-08T10:29:46:       value: '10001071 - Customer IBG02805 is inactive '
2025-02-08T10:29:46:     }
2025-02-08T10:29:46:   }
2025-02-08T10:29:46: }
2025-03-03T10:21:14: Error: Could not find a production build in the '.next' directory. Try building your app with 'next build' before starting the production server. https://nextjs.org/docs/messages/production-start-no-build-id
2025-03-03T10:21:14:     at setupFsCheck (C:\Users\Administrator\Documents\js\Anwar-Erp-Sys-SapB1-main\node_modules\next\dist\server\lib\router-utils\filesystem.js:151:19)
2025-03-03T10:21:14:     at async initialize (C:\Users\Administrator\Documents\js\Anwar-Erp-Sys-SapB1-main\node_modules\next\dist\server\lib\router-server.js:62:23)
2025-03-03T10:21:14:     at async Server.<anonymous> (C:\Users\Administrator\Documents\js\Anwar-Erp-Sys-SapB1-main\node_modules\next\dist\server\lib\start-server.js:249:36)
2025-03-03T10:21:17: Error: Could not find a production build in the '.next' directory. Try building your app with 'next build' before starting the production server. https://nextjs.org/docs/messages/production-start-no-build-id
2025-03-03T10:21:17:     at setupFsCheck (C:\Users\Administrator\Documents\js\Anwar-Erp-Sys-SapB1-main\node_modules\next\dist\server\lib\router-utils\filesystem.js:151:19)
2025-03-03T10:21:17:     at async initialize (C:\Users\Administrator\Documents\js\Anwar-Erp-Sys-SapB1-main\node_modules\next\dist\server\lib\router-server.js:62:23)
2025-03-03T10:21:17:     at async Server.<anonymous> (C:\Users\Administrator\Documents\js\Anwar-Erp-Sys-SapB1-main\node_modules\next\dist\server\lib\start-server.js:249:36)
2025-03-03T10:21:21: Error: Could not find a production build in the '.next' directory. Try building your app with 'next build' before starting the production server. https://nextjs.org/docs/messages/production-start-no-build-id
2025-03-03T10:21:21:     at setupFsCheck (C:\Users\Administrator\Documents\js\Anwar-Erp-Sys-SapB1-main\node_modules\next\dist\server\lib\router-utils\filesystem.js:151:19)
2025-03-03T10:21:21:     at async initialize (C:\Users\Administrator\Documents\js\Anwar-Erp-Sys-SapB1-main\node_modules\next\dist\server\lib\router-server.js:62:23)
2025-03-03T10:21:21:     at async Server.<anonymous> (C:\Users\Administrator\Documents\js\Anwar-Erp-Sys-SapB1-main\node_modules\next\dist\server\lib\start-server.js:249:36)
2025-03-03T10:21:24: Error: Could not find a production build in the '.next' directory. Try building your app with 'next build' before starting the production server. https://nextjs.org/docs/messages/production-start-no-build-id
2025-03-03T10:21:24:     at setupFsCheck (C:\Users\Administrator\Documents\js\Anwar-Erp-Sys-SapB1-main\node_modules\next\dist\server\lib\router-utils\filesystem.js:151:19)
2025-03-03T10:21:24:     at async initialize (C:\Users\Administrator\Documents\js\Anwar-Erp-Sys-SapB1-main\node_modules\next\dist\server\lib\router-server.js:62:23)
2025-03-03T10:21:24:     at async Server.<anonymous> (C:\Users\Administrator\Documents\js\Anwar-Erp-Sys-SapB1-main\node_modules\next\dist\server\lib\start-server.js:249:36)
2025-03-03T10:21:27: Error: Could not find a production build in the '.next' directory. Try building your app with 'next build' before starting the production server. https://nextjs.org/docs/messages/production-start-no-build-id
2025-03-03T10:21:27:     at setupFsCheck (C:\Users\Administrator\Documents\js\Anwar-Erp-Sys-SapB1-main\node_modules\next\dist\server\lib\router-utils\filesystem.js:151:19)
2025-03-03T10:21:27:     at async initialize (C:\Users\Administrator\Documents\js\Anwar-Erp-Sys-SapB1-main\node_modules\next\dist\server\lib\router-server.js:62:23)
2025-03-03T10:21:27:     at async Server.<anonymous> (C:\Users\Administrator\Documents\js\Anwar-Erp-Sys-SapB1-main\node_modules\next\dist\server\lib\start-server.js:249:36)
2025-03-03T10:21:31: Error: Could not find a production build in the '.next' directory. Try building your app with 'next build' before starting the production server. https://nextjs.org/docs/messages/production-start-no-build-id
2025-03-03T10:21:31:     at setupFsCheck (C:\Users\Administrator\Documents\js\Anwar-Erp-Sys-SapB1-main\node_modules\next\dist\server\lib\router-utils\filesystem.js:151:19)
2025-03-03T10:21:31:     at async initialize (C:\Users\Administrator\Documents\js\Anwar-Erp-Sys-SapB1-main\node_modules\next\dist\server\lib\router-server.js:62:23)
2025-03-03T10:21:31:     at async Server.<anonymous> (C:\Users\Administrator\Documents\js\Anwar-Erp-Sys-SapB1-main\node_modules\next\dist\server\lib\start-server.js:249:36)
2025-03-03T10:21:34: Error: Could not find a production build in the '.next' directory. Try building your app with 'next build' before starting the production server. https://nextjs.org/docs/messages/production-start-no-build-id
2025-03-03T10:21:34:     at setupFsCheck (C:\Users\Administrator\Documents\js\Anwar-Erp-Sys-SapB1-main\node_modules\next\dist\server\lib\router-utils\filesystem.js:151:19)
2025-03-03T10:21:34:     at async initialize (C:\Users\Administrator\Documents\js\Anwar-Erp-Sys-SapB1-main\node_modules\next\dist\server\lib\router-server.js:62:23)
2025-03-03T10:21:34:     at async Server.<anonymous> (C:\Users\Administrator\Documents\js\Anwar-Erp-Sys-SapB1-main\node_modules\next\dist\server\lib\start-server.js:249:36)
2025-03-03T10:21:38: Error: Could not find a production build in the '.next' directory. Try building your app with 'next build' before starting the production server. https://nextjs.org/docs/messages/production-start-no-build-id
2025-03-03T10:21:38:     at setupFsCheck (C:\Users\Administrator\Documents\js\Anwar-Erp-Sys-SapB1-main\node_modules\next\dist\server\lib\router-utils\filesystem.js:151:19)
2025-03-03T10:21:38:     at async initialize (C:\Users\Administrator\Documents\js\Anwar-Erp-Sys-SapB1-main\node_modules\next\dist\server\lib\router-server.js:62:23)
2025-03-03T10:21:38:     at async Server.<anonymous> (C:\Users\Administrator\Documents\js\Anwar-Erp-Sys-SapB1-main\node_modules\next\dist\server\lib\start-server.js:249:36)
2025-03-03T10:21:41: Error: Could not find a production build in the '.next' directory. Try building your app with 'next build' before starting the production server. https://nextjs.org/docs/messages/production-start-no-build-id
2025-03-03T10:21:41:     at setupFsCheck (C:\Users\Administrator\Documents\js\Anwar-Erp-Sys-SapB1-main\node_modules\next\dist\server\lib\router-utils\filesystem.js:151:19)
2025-03-03T10:21:41:     at async initialize (C:\Users\Administrator\Documents\js\Anwar-Erp-Sys-SapB1-main\node_modules\next\dist\server\lib\router-server.js:62:23)
2025-03-03T10:21:41:     at async Server.<anonymous> (C:\Users\Administrator\Documents\js\Anwar-Erp-Sys-SapB1-main\node_modules\next\dist\server\lib\start-server.js:249:36)
2025-03-03T10:21:45: Error: Could not find a production build in the '.next' directory. Try building your app with 'next build' before starting the production server. https://nextjs.org/docs/messages/production-start-no-build-id
2025-03-03T10:21:45:     at setupFsCheck (C:\Users\Administrator\Documents\js\Anwar-Erp-Sys-SapB1-main\node_modules\next\dist\server\lib\router-utils\filesystem.js:151:19)
2025-03-03T10:21:45:     at async initialize (C:\Users\Administrator\Documents\js\Anwar-Erp-Sys-SapB1-main\node_modules\next\dist\server\lib\router-server.js:62:23)
2025-03-03T10:21:45:     at async Server.<anonymous> (C:\Users\Administrator\Documents\js\Anwar-Erp-Sys-SapB1-main\node_modules\next\dist\server\lib\start-server.js:249:36)
2025-03-03T10:21:49: Error: Could not find a production build in the '.next' directory. Try building your app with 'next build' before starting the production server. https://nextjs.org/docs/messages/production-start-no-build-id
2025-03-03T10:21:49:     at setupFsCheck (C:\Users\Administrator\Documents\js\Anwar-Erp-Sys-SapB1-main\node_modules\next\dist\server\lib\router-utils\filesystem.js:151:19)
2025-03-03T10:21:49:     at async initialize (C:\Users\Administrator\Documents\js\Anwar-Erp-Sys-SapB1-main\node_modules\next\dist\server\lib\router-server.js:62:23)
2025-03-03T10:21:49:     at async Server.<anonymous> (C:\Users\Administrator\Documents\js\Anwar-Erp-Sys-SapB1-main\node_modules\next\dist\server\lib\start-server.js:249:36)
2025-03-03T10:21:51: Error: Could not find a production build in the '.next' directory. Try building your app with 'next build' before starting the production server. https://nextjs.org/docs/messages/production-start-no-build-id
2025-03-03T10:21:51:     at setupFsCheck (C:\Users\Administrator\Documents\js\Anwar-Erp-Sys-SapB1-main\node_modules\next\dist\server\lib\router-utils\filesystem.js:151:19)
2025-03-03T10:21:51:     at async initialize (C:\Users\Administrator\Documents\js\Anwar-Erp-Sys-SapB1-main\node_modules\next\dist\server\lib\router-server.js:62:23)
2025-03-03T10:21:51:     at async Server.<anonymous> (C:\Users\Administrator\Documents\js\Anwar-Erp-Sys-SapB1-main\node_modules\next\dist\server\lib\start-server.js:249:36)
2025-03-03T10:21:55: Error: Could not find a production build in the '.next' directory. Try building your app with 'next build' before starting the production server. https://nextjs.org/docs/messages/production-start-no-build-id
2025-03-03T10:21:55:     at setupFsCheck (C:\Users\Administrator\Documents\js\Anwar-Erp-Sys-SapB1-main\node_modules\next\dist\server\lib\router-utils\filesystem.js:151:19)
2025-03-03T10:21:55:     at async initialize (C:\Users\Administrator\Documents\js\Anwar-Erp-Sys-SapB1-main\node_modules\next\dist\server\lib\router-server.js:62:23)
2025-03-03T10:21:55:     at async Server.<anonymous> (C:\Users\Administrator\Documents\js\Anwar-Erp-Sys-SapB1-main\node_modules\next\dist\server\lib\start-server.js:249:36)
2025-03-03T10:21:58: Error: Could not find a production build in the '.next' directory. Try building your app with 'next build' before starting the production server. https://nextjs.org/docs/messages/production-start-no-build-id
2025-03-03T10:21:58:     at setupFsCheck (C:\Users\Administrator\Documents\js\Anwar-Erp-Sys-SapB1-main\node_modules\next\dist\server\lib\router-utils\filesystem.js:151:19)
2025-03-03T10:21:58:     at async initialize (C:\Users\Administrator\Documents\js\Anwar-Erp-Sys-SapB1-main\node_modules\next\dist\server\lib\router-server.js:62:23)
2025-03-03T10:21:58:     at async Server.<anonymous> (C:\Users\Administrator\Documents\js\Anwar-Erp-Sys-SapB1-main\node_modules\next\dist\server\lib\start-server.js:249:36)
2025-03-03T10:22:02: Error: Could not find a production build in the '.next' directory. Try building your app with 'next build' before starting the production server. https://nextjs.org/docs/messages/production-start-no-build-id
2025-03-03T10:22:02:     at setupFsCheck (C:\Users\Administrator\Documents\js\Anwar-Erp-Sys-SapB1-main\node_modules\next\dist\server\lib\router-utils\filesystem.js:151:19)
2025-03-03T10:22:02:     at async initialize (C:\Users\Administrator\Documents\js\Anwar-Erp-Sys-SapB1-main\node_modules\next\dist\server\lib\router-server.js:62:23)
2025-03-03T10:22:02:     at async Server.<anonymous> (C:\Users\Administrator\Documents\js\Anwar-Erp-Sys-SapB1-main\node_modules\next\dist\server\lib\start-server.js:249:36)
2025-03-03T10:22:05: Error: Could not find a production build in the '.next' directory. Try building your app with 'next build' before starting the production server. https://nextjs.org/docs/messages/production-start-no-build-id
2025-03-03T10:22:05:     at setupFsCheck (C:\Users\Administrator\Documents\js\Anwar-Erp-Sys-SapB1-main\node_modules\next\dist\server\lib\router-utils\filesystem.js:151:19)
2025-03-03T10:22:05:     at async initialize (C:\Users\Administrator\Documents\js\Anwar-Erp-Sys-SapB1-main\node_modules\next\dist\server\lib\router-server.js:62:23)
2025-03-03T10:22:05:     at async Server.<anonymous> (C:\Users\Administrator\Documents\js\Anwar-Erp-Sys-SapB1-main\node_modules\next\dist\server\lib\start-server.js:249:36)
2025-03-03T10:22:08: Error: Could not find a production build in the '.next' directory. Try building your app with 'next build' before starting the production server. https://nextjs.org/docs/messages/production-start-no-build-id
2025-03-03T10:22:08:     at setupFsCheck (C:\Users\Administrator\Documents\js\Anwar-Erp-Sys-SapB1-main\node_modules\next\dist\server\lib\router-utils\filesystem.js:151:19)
2025-03-03T10:22:08:     at async initialize (C:\Users\Administrator\Documents\js\Anwar-Erp-Sys-SapB1-main\node_modules\next\dist\server\lib\router-server.js:62:23)
2025-03-03T10:22:08:     at async Server.<anonymous> (C:\Users\Administrator\Documents\js\Anwar-Erp-Sys-SapB1-main\node_modules\next\dist\server\lib\start-server.js:249:36)
2025-03-03T10:22:12: Error: Could not find a production build in the '.next' directory. Try building your app with 'next build' before starting the production server. https://nextjs.org/docs/messages/production-start-no-build-id
2025-03-03T10:22:12:     at setupFsCheck (C:\Users\Administrator\Documents\js\Anwar-Erp-Sys-SapB1-main\node_modules\next\dist\server\lib\router-utils\filesystem.js:151:19)
2025-03-03T10:22:12:     at async initialize (C:\Users\Administrator\Documents\js\Anwar-Erp-Sys-SapB1-main\node_modules\next\dist\server\lib\router-server.js:62:23)
2025-03-03T10:22:12:     at async Server.<anonymous> (C:\Users\Administrator\Documents\js\Anwar-Erp-Sys-SapB1-main\node_modules\next\dist\server\lib\start-server.js:249:36)
2025-03-03T10:22:15: Error: Could not find a production build in the '.next' directory. Try building your app with 'next build' before starting the production server. https://nextjs.org/docs/messages/production-start-no-build-id
2025-03-03T10:22:15:     at setupFsCheck (C:\Users\Administrator\Documents\js\Anwar-Erp-Sys-SapB1-main\node_modules\next\dist\server\lib\router-utils\filesystem.js:151:19)
2025-03-03T10:22:15:     at async initialize (C:\Users\Administrator\Documents\js\Anwar-Erp-Sys-SapB1-main\node_modules\next\dist\server\lib\router-server.js:62:23)
2025-03-03T10:22:15:     at async Server.<anonymous> (C:\Users\Administrator\Documents\js\Anwar-Erp-Sys-SapB1-main\node_modules\next\dist\server\lib\start-server.js:249:36)
2025-03-03T10:22:18: Error: Could not find a production build in the '.next' directory. Try building your app with 'next build' before starting the production server. https://nextjs.org/docs/messages/production-start-no-build-id
2025-03-03T10:22:18:     at setupFsCheck (C:\Users\Administrator\Documents\js\Anwar-Erp-Sys-SapB1-main\node_modules\next\dist\server\lib\router-utils\filesystem.js:151:19)
2025-03-03T10:22:18:     at async initialize (C:\Users\Administrator\Documents\js\Anwar-Erp-Sys-SapB1-main\node_modules\next\dist\server\lib\router-server.js:62:23)
2025-03-03T10:22:18:     at async Server.<anonymous> (C:\Users\Administrator\Documents\js\Anwar-Erp-Sys-SapB1-main\node_modules\next\dist\server\lib\start-server.js:249:36)
2025-03-03T10:22:22: Error: Could not find a production build in the '.next' directory. Try building your app with 'next build' before starting the production server. https://nextjs.org/docs/messages/production-start-no-build-id
2025-03-03T10:22:22:     at setupFsCheck (C:\Users\Administrator\Documents\js\Anwar-Erp-Sys-SapB1-main\node_modules\next\dist\server\lib\router-utils\filesystem.js:151:19)
2025-03-03T10:22:22:     at async initialize (C:\Users\Administrator\Documents\js\Anwar-Erp-Sys-SapB1-main\node_modules\next\dist\server\lib\router-server.js:62:23)
2025-03-03T10:22:22:     at async Server.<anonymous> (C:\Users\Administrator\Documents\js\Anwar-Erp-Sys-SapB1-main\node_modules\next\dist\server\lib\start-server.js:249:36)
2025-03-03T10:22:26: Error: Could not find a production build in the '.next' directory. Try building your app with 'next build' before starting the production server. https://nextjs.org/docs/messages/production-start-no-build-id
2025-03-03T10:22:26:     at setupFsCheck (C:\Users\Administrator\Documents\js\Anwar-Erp-Sys-SapB1-main\node_modules\next\dist\server\lib\router-utils\filesystem.js:151:19)
2025-03-03T10:22:26:     at async initialize (C:\Users\Administrator\Documents\js\Anwar-Erp-Sys-SapB1-main\node_modules\next\dist\server\lib\router-server.js:62:23)
2025-03-03T10:22:26:     at async Server.<anonymous> (C:\Users\Administrator\Documents\js\Anwar-Erp-Sys-SapB1-main\node_modules\next\dist\server\lib\start-server.js:249:36)
2025-03-03T10:22:29: Error: Could not find a production build in the '.next' directory. Try building your app with 'next build' before starting the production server. https://nextjs.org/docs/messages/production-start-no-build-id
2025-03-03T10:22:29:     at setupFsCheck (C:\Users\Administrator\Documents\js\Anwar-Erp-Sys-SapB1-main\node_modules\next\dist\server\lib\router-utils\filesystem.js:151:19)
2025-03-03T10:22:29:     at async initialize (C:\Users\Administrator\Documents\js\Anwar-Erp-Sys-SapB1-main\node_modules\next\dist\server\lib\router-server.js:62:23)
2025-03-03T10:22:29:     at async Server.<anonymous> (C:\Users\Administrator\Documents\js\Anwar-Erp-Sys-SapB1-main\node_modules\next\dist\server\lib\start-server.js:249:36)
2025-03-03T10:22:32: Error: Could not find a production build in the '.next' directory. Try building your app with 'next build' before starting the production server. https://nextjs.org/docs/messages/production-start-no-build-id
2025-03-03T10:22:32:     at setupFsCheck (C:\Users\Administrator\Documents\js\Anwar-Erp-Sys-SapB1-main\node_modules\next\dist\server\lib\router-utils\filesystem.js:151:19)
2025-03-03T10:22:32:     at async initialize (C:\Users\Administrator\Documents\js\Anwar-Erp-Sys-SapB1-main\node_modules\next\dist\server\lib\router-server.js:62:23)
2025-03-03T10:22:32:     at async Server.<anonymous> (C:\Users\Administrator\Documents\js\Anwar-Erp-Sys-SapB1-main\node_modules\next\dist\server\lib\start-server.js:249:36)
2025-03-03T10:22:36: Error: Could not find a production build in the '.next' directory. Try building your app with 'next build' before starting the production server. https://nextjs.org/docs/messages/production-start-no-build-id
2025-03-03T10:22:36:     at setupFsCheck (C:\Users\Administrator\Documents\js\Anwar-Erp-Sys-SapB1-main\node_modules\next\dist\server\lib\router-utils\filesystem.js:151:19)
2025-03-03T10:22:36:     at async initialize (C:\Users\Administrator\Documents\js\Anwar-Erp-Sys-SapB1-main\node_modules\next\dist\server\lib\router-server.js:62:23)
2025-03-03T10:22:36:     at async Server.<anonymous> (C:\Users\Administrator\Documents\js\Anwar-Erp-Sys-SapB1-main\node_modules\next\dist\server\lib\start-server.js:249:36)
2025-03-03T10:22:39: Error: Could not find a production build in the '.next' directory. Try building your app with 'next build' before starting the production server. https://nextjs.org/docs/messages/production-start-no-build-id
2025-03-03T10:22:39:     at setupFsCheck (C:\Users\Administrator\Documents\js\Anwar-Erp-Sys-SapB1-main\node_modules\next\dist\server\lib\router-utils\filesystem.js:151:19)
2025-03-03T10:22:39:     at async initialize (C:\Users\Administrator\Documents\js\Anwar-Erp-Sys-SapB1-main\node_modules\next\dist\server\lib\router-server.js:62:23)
2025-03-03T10:22:39:     at async Server.<anonymous> (C:\Users\Administrator\Documents\js\Anwar-Erp-Sys-SapB1-main\node_modules\next\dist\server\lib\start-server.js:249:36)
2025-03-03T10:22:42: Error: Could not find a production build in the '.next' directory. Try building your app with 'next build' before starting the production server. https://nextjs.org/docs/messages/production-start-no-build-id
2025-03-03T10:22:42:     at setupFsCheck (C:\Users\Administrator\Documents\js\Anwar-Erp-Sys-SapB1-main\node_modules\next\dist\server\lib\router-utils\filesystem.js:151:19)
2025-03-03T10:22:42:     at async initialize (C:\Users\Administrator\Documents\js\Anwar-Erp-Sys-SapB1-main\node_modules\next\dist\server\lib\router-server.js:62:23)
2025-03-03T10:22:42:     at async Server.<anonymous> (C:\Users\Administrator\Documents\js\Anwar-Erp-Sys-SapB1-main\node_modules\next\dist\server\lib\start-server.js:249:36)
2025-03-03T10:22:46: Error: Could not find a production build in the '.next' directory. Try building your app with 'next build' before starting the production server. https://nextjs.org/docs/messages/production-start-no-build-id
2025-03-03T10:22:46:     at setupFsCheck (C:\Users\Administrator\Documents\js\Anwar-Erp-Sys-SapB1-main\node_modules\next\dist\server\lib\router-utils\filesystem.js:151:19)
2025-03-03T10:22:46:     at async initialize (C:\Users\Administrator\Documents\js\Anwar-Erp-Sys-SapB1-main\node_modules\next\dist\server\lib\router-server.js:62:23)
2025-03-03T10:22:46:     at async Server.<anonymous> (C:\Users\Administrator\Documents\js\Anwar-Erp-Sys-SapB1-main\node_modules\next\dist\server\lib\start-server.js:249:36)
2025-03-03T10:22:49: Error: Could not find a production build in the '.next' directory. Try building your app with 'next build' before starting the production server. https://nextjs.org/docs/messages/production-start-no-build-id
2025-03-03T10:22:49:     at setupFsCheck (C:\Users\Administrator\Documents\js\Anwar-Erp-Sys-SapB1-main\node_modules\next\dist\server\lib\router-utils\filesystem.js:151:19)
2025-03-03T10:22:49:     at async initialize (C:\Users\Administrator\Documents\js\Anwar-Erp-Sys-SapB1-main\node_modules\next\dist\server\lib\router-server.js:62:23)
2025-03-03T10:22:49:     at async Server.<anonymous> (C:\Users\Administrator\Documents\js\Anwar-Erp-Sys-SapB1-main\node_modules\next\dist\server\lib\start-server.js:249:36)
2025-03-03T10:22:53: Error: Could not find a production build in the '.next' directory. Try building your app with 'next build' before starting the production server. https://nextjs.org/docs/messages/production-start-no-build-id
2025-03-03T10:22:53:     at setupFsCheck (C:\Users\Administrator\Documents\js\Anwar-Erp-Sys-SapB1-main\node_modules\next\dist\server\lib\router-utils\filesystem.js:151:19)
2025-03-03T10:22:53:     at async initialize (C:\Users\Administrator\Documents\js\Anwar-Erp-Sys-SapB1-main\node_modules\next\dist\server\lib\router-server.js:62:23)
2025-03-03T10:22:53:     at async Server.<anonymous> (C:\Users\Administrator\Documents\js\Anwar-Erp-Sys-SapB1-main\node_modules\next\dist\server\lib\start-server.js:249:36)
2025-03-03T10:22:56: Error: Could not find a production build in the '.next' directory. Try building your app with 'next build' before starting the production server. https://nextjs.org/docs/messages/production-start-no-build-id
2025-03-03T10:22:56:     at setupFsCheck (C:\Users\Administrator\Documents\js\Anwar-Erp-Sys-SapB1-main\node_modules\next\dist\server\lib\router-utils\filesystem.js:151:19)
2025-03-03T10:22:56:     at async initialize (C:\Users\Administrator\Documents\js\Anwar-Erp-Sys-SapB1-main\node_modules\next\dist\server\lib\router-server.js:62:23)
2025-03-03T10:22:56:     at async Server.<anonymous> (C:\Users\Administrator\Documents\js\Anwar-Erp-Sys-SapB1-main\node_modules\next\dist\server\lib\start-server.js:249:36)
2025-03-03T10:23:00: Error: Could not find a production build in the '.next' directory. Try building your app with 'next build' before starting the production server. https://nextjs.org/docs/messages/production-start-no-build-id
2025-03-03T10:23:00:     at setupFsCheck (C:\Users\Administrator\Documents\js\Anwar-Erp-Sys-SapB1-main\node_modules\next\dist\server\lib\router-utils\filesystem.js:151:19)
2025-03-03T10:23:00:     at async initialize (C:\Users\Administrator\Documents\js\Anwar-Erp-Sys-SapB1-main\node_modules\next\dist\server\lib\router-server.js:62:23)
2025-03-03T10:23:00:     at async Server.<anonymous> (C:\Users\Administrator\Documents\js\Anwar-Erp-Sys-SapB1-main\node_modules\next\dist\server\lib\start-server.js:249:36)
2025-03-03T10:23:03: Error: Could not find a production build in the '.next' directory. Try building your app with 'next build' before starting the production server. https://nextjs.org/docs/messages/production-start-no-build-id
2025-03-03T10:23:03:     at setupFsCheck (C:\Users\Administrator\Documents\js\Anwar-Erp-Sys-SapB1-main\node_modules\next\dist\server\lib\router-utils\filesystem.js:151:19)
2025-03-03T10:23:03:     at async initialize (C:\Users\Administrator\Documents\js\Anwar-Erp-Sys-SapB1-main\node_modules\next\dist\server\lib\router-server.js:62:23)
2025-03-03T10:23:03:     at async Server.<anonymous> (C:\Users\Administrator\Documents\js\Anwar-Erp-Sys-SapB1-main\node_modules\next\dist\server\lib\start-server.js:249:36)
2025-03-03T10:23:06: Error: Could not find a production build in the '.next' directory. Try building your app with 'next build' before starting the production server. https://nextjs.org/docs/messages/production-start-no-build-id
2025-03-03T10:23:06:     at setupFsCheck (C:\Users\Administrator\Documents\js\Anwar-Erp-Sys-SapB1-main\node_modules\next\dist\server\lib\router-utils\filesystem.js:151:19)
2025-03-03T10:23:06:     at async initialize (C:\Users\Administrator\Documents\js\Anwar-Erp-Sys-SapB1-main\node_modules\next\dist\server\lib\router-server.js:62:23)
2025-03-03T10:23:06:     at async Server.<anonymous> (C:\Users\Administrator\Documents\js\Anwar-Erp-Sys-SapB1-main\node_modules\next\dist\server\lib\start-server.js:249:36)
2025-03-03T10:23:10: Error: Could not find a production build in the '.next' directory. Try building your app with 'next build' before starting the production server. https://nextjs.org/docs/messages/production-start-no-build-id
2025-03-03T10:23:10:     at setupFsCheck (C:\Users\Administrator\Documents\js\Anwar-Erp-Sys-SapB1-main\node_modules\next\dist\server\lib\router-utils\filesystem.js:151:19)
2025-03-03T10:23:10:     at async initialize (C:\Users\Administrator\Documents\js\Anwar-Erp-Sys-SapB1-main\node_modules\next\dist\server\lib\router-server.js:62:23)
2025-03-03T10:23:10:     at async Server.<anonymous> (C:\Users\Administrator\Documents\js\Anwar-Erp-Sys-SapB1-main\node_modules\next\dist\server\lib\start-server.js:249:36)
2025-03-03T10:23:13: Error: Could not find a production build in the '.next' directory. Try building your app with 'next build' before starting the production server. https://nextjs.org/docs/messages/production-start-no-build-id
2025-03-03T10:23:13:     at setupFsCheck (C:\Users\Administrator\Documents\js\Anwar-Erp-Sys-SapB1-main\node_modules\next\dist\server\lib\router-utils\filesystem.js:151:19)
2025-03-03T10:23:13:     at async initialize (C:\Users\Administrator\Documents\js\Anwar-Erp-Sys-SapB1-main\node_modules\next\dist\server\lib\router-server.js:62:23)
2025-03-03T10:23:13:     at async Server.<anonymous> (C:\Users\Administrator\Documents\js\Anwar-Erp-Sys-SapB1-main\node_modules\next\dist\server\lib\start-server.js:249:36)
2025-03-03T10:23:17: Error: Could not find a production build in the '.next' directory. Try building your app with 'next build' before starting the production server. https://nextjs.org/docs/messages/production-start-no-build-id
2025-03-03T10:23:17:     at setupFsCheck (C:\Users\Administrator\Documents\js\Anwar-Erp-Sys-SapB1-main\node_modules\next\dist\server\lib\router-utils\filesystem.js:151:19)
2025-03-03T10:23:17:     at async initialize (C:\Users\Administrator\Documents\js\Anwar-Erp-Sys-SapB1-main\node_modules\next\dist\server\lib\router-server.js:62:23)
2025-03-03T10:23:17:     at async Server.<anonymous> (C:\Users\Administrator\Documents\js\Anwar-Erp-Sys-SapB1-main\node_modules\next\dist\server\lib\start-server.js:249:36)
2025-03-03T10:23:20: Error: Could not find a production build in the '.next' directory. Try building your app with 'next build' before starting the production server. https://nextjs.org/docs/messages/production-start-no-build-id
2025-03-03T10:23:20:     at setupFsCheck (C:\Users\Administrator\Documents\js\Anwar-Erp-Sys-SapB1-main\node_modules\next\dist\server\lib\router-utils\filesystem.js:151:19)
2025-03-03T10:23:20:     at async initialize (C:\Users\Administrator\Documents\js\Anwar-Erp-Sys-SapB1-main\node_modules\next\dist\server\lib\router-server.js:62:23)
2025-03-03T10:23:20:     at async Server.<anonymous> (C:\Users\Administrator\Documents\js\Anwar-Erp-Sys-SapB1-main\node_modules\next\dist\server\lib\start-server.js:249:36)
2025-03-03T10:23:23: Error: Could not find a production build in the '.next' directory. Try building your app with 'next build' before starting the production server. https://nextjs.org/docs/messages/production-start-no-build-id
2025-03-03T10:23:23:     at setupFsCheck (C:\Users\Administrator\Documents\js\Anwar-Erp-Sys-SapB1-main\node_modules\next\dist\server\lib\router-utils\filesystem.js:151:19)
2025-03-03T10:23:23:     at async initialize (C:\Users\Administrator\Documents\js\Anwar-Erp-Sys-SapB1-main\node_modules\next\dist\server\lib\router-server.js:62:23)
2025-03-03T10:23:23:     at async Server.<anonymous> (C:\Users\Administrator\Documents\js\Anwar-Erp-Sys-SapB1-main\node_modules\next\dist\server\lib\start-server.js:249:36)
2025-03-03T10:23:27: Error: Could not find a production build in the '.next' directory. Try building your app with 'next build' before starting the production server. https://nextjs.org/docs/messages/production-start-no-build-id
2025-03-03T10:23:27:     at setupFsCheck (C:\Users\Administrator\Documents\js\Anwar-Erp-Sys-SapB1-main\node_modules\next\dist\server\lib\router-utils\filesystem.js:151:19)
2025-03-03T10:23:27:     at async initialize (C:\Users\Administrator\Documents\js\Anwar-Erp-Sys-SapB1-main\node_modules\next\dist\server\lib\router-server.js:62:23)
2025-03-03T10:23:27:     at async Server.<anonymous> (C:\Users\Administrator\Documents\js\Anwar-Erp-Sys-SapB1-main\node_modules\next\dist\server\lib\start-server.js:249:36)
2025-03-03T10:23:30: Error: Could not find a production build in the '.next' directory. Try building your app with 'next build' before starting the production server. https://nextjs.org/docs/messages/production-start-no-build-id
2025-03-03T10:23:30:     at setupFsCheck (C:\Users\Administrator\Documents\js\Anwar-Erp-Sys-SapB1-main\node_modules\next\dist\server\lib\router-utils\filesystem.js:151:19)
2025-03-03T10:23:30:     at async initialize (C:\Users\Administrator\Documents\js\Anwar-Erp-Sys-SapB1-main\node_modules\next\dist\server\lib\router-server.js:62:23)
2025-03-03T10:23:30:     at async Server.<anonymous> (C:\Users\Administrator\Documents\js\Anwar-Erp-Sys-SapB1-main\node_modules\next\dist\server\lib\start-server.js:249:36)
2025-03-05T10:00:20: Error: Could not find a production build in the '.next' directory. Try building your app with 'next build' before starting the production server. https://nextjs.org/docs/messages/production-start-no-build-id
2025-03-05T10:00:20:     at setupFsCheck (C:\Users\Administrator\Documents\js\Anwar-Erp-Sys-SapB1-main\node_modules\next\dist\server\lib\router-utils\filesystem.js:151:19)
2025-03-05T10:00:20:     at async initialize (C:\Users\Administrator\Documents\js\Anwar-Erp-Sys-SapB1-main\node_modules\next\dist\server\lib\router-server.js:62:23)
2025-03-05T10:00:20:     at async Server.<anonymous> (C:\Users\Administrator\Documents\js\Anwar-Erp-Sys-SapB1-main\node_modules\next\dist\server\lib\start-server.js:249:36)
2025-03-05T10:00:26: Error: Could not find a production build in the '.next' directory. Try building your app with 'next build' before starting the production server. https://nextjs.org/docs/messages/production-start-no-build-id
2025-03-05T10:00:26:     at setupFsCheck (C:\Users\Administrator\Documents\js\Anwar-Erp-Sys-SapB1-main\node_modules\next\dist\server\lib\router-utils\filesystem.js:151:19)
2025-03-05T10:00:26:     at async initialize (C:\Users\Administrator\Documents\js\Anwar-Erp-Sys-SapB1-main\node_modules\next\dist\server\lib\router-server.js:62:23)
2025-03-05T10:00:26:     at async Server.<anonymous> (C:\Users\Administrator\Documents\js\Anwar-Erp-Sys-SapB1-main\node_modules\next\dist\server\lib\start-server.js:249:36)
2025-03-05T10:00:29: Error: Could not find a production build in the '.next' directory. Try building your app with 'next build' before starting the production server. https://nextjs.org/docs/messages/production-start-no-build-id
2025-03-05T10:00:29:     at setupFsCheck (C:\Users\Administrator\Documents\js\Anwar-Erp-Sys-SapB1-main\node_modules\next\dist\server\lib\router-utils\filesystem.js:151:19)
2025-03-05T10:00:29:     at async initialize (C:\Users\Administrator\Documents\js\Anwar-Erp-Sys-SapB1-main\node_modules\next\dist\server\lib\router-server.js:62:23)
2025-03-05T10:00:29:     at async Server.<anonymous> (C:\Users\Administrator\Documents\js\Anwar-Erp-Sys-SapB1-main\node_modules\next\dist\server\lib\start-server.js:249:36)
2025-03-05T10:00:32: Error: Could not find a production build in the '.next' directory. Try building your app with 'next build' before starting the production server. https://nextjs.org/docs/messages/production-start-no-build-id
2025-03-05T10:00:32:     at setupFsCheck (C:\Users\Administrator\Documents\js\Anwar-Erp-Sys-SapB1-main\node_modules\next\dist\server\lib\router-utils\filesystem.js:151:19)
2025-03-05T10:00:32:     at async initialize (C:\Users\Administrator\Documents\js\Anwar-Erp-Sys-SapB1-main\node_modules\next\dist\server\lib\router-server.js:62:23)
2025-03-05T10:00:32:     at async Server.<anonymous> (C:\Users\Administrator\Documents\js\Anwar-Erp-Sys-SapB1-main\node_modules\next\dist\server\lib\start-server.js:249:36)
2025-03-05T10:00:36: Error: Could not find a production build in the '.next' directory. Try building your app with 'next build' before starting the production server. https://nextjs.org/docs/messages/production-start-no-build-id
2025-03-05T10:00:36:     at setupFsCheck (C:\Users\Administrator\Documents\js\Anwar-Erp-Sys-SapB1-main\node_modules\next\dist\server\lib\router-utils\filesystem.js:151:19)
2025-03-05T10:00:36:     at async initialize (C:\Users\Administrator\Documents\js\Anwar-Erp-Sys-SapB1-main\node_modules\next\dist\server\lib\router-server.js:62:23)
2025-03-05T10:00:36:     at async Server.<anonymous> (C:\Users\Administrator\Documents\js\Anwar-Erp-Sys-SapB1-main\node_modules\next\dist\server\lib\start-server.js:249:36)
2025-03-05T10:00:40: Error: Could not find a production build in the '.next' directory. Try building your app with 'next build' before starting the production server. https://nextjs.org/docs/messages/production-start-no-build-id
2025-03-05T10:00:40:     at setupFsCheck (C:\Users\Administrator\Documents\js\Anwar-Erp-Sys-SapB1-main\node_modules\next\dist\server\lib\router-utils\filesystem.js:151:19)
2025-03-05T10:00:40:     at async initialize (C:\Users\Administrator\Documents\js\Anwar-Erp-Sys-SapB1-main\node_modules\next\dist\server\lib\router-server.js:62:23)
2025-03-05T10:00:40:     at async Server.<anonymous> (C:\Users\Administrator\Documents\js\Anwar-Erp-Sys-SapB1-main\node_modules\next\dist\server\lib\start-server.js:249:36)
2025-03-05T10:00:43: Error: Could not find a production build in the '.next' directory. Try building your app with 'next build' before starting the production server. https://nextjs.org/docs/messages/production-start-no-build-id
2025-03-05T10:00:43:     at setupFsCheck (C:\Users\Administrator\Documents\js\Anwar-Erp-Sys-SapB1-main\node_modules\next\dist\server\lib\router-utils\filesystem.js:151:19)
2025-03-05T10:00:43:     at async initialize (C:\Users\Administrator\Documents\js\Anwar-Erp-Sys-SapB1-main\node_modules\next\dist\server\lib\router-server.js:62:23)
2025-03-05T10:00:43:     at async Server.<anonymous> (C:\Users\Administrator\Documents\js\Anwar-Erp-Sys-SapB1-main\node_modules\next\dist\server\lib\start-server.js:249:36)
2025-03-05T10:00:46: Error: Could not find a production build in the '.next' directory. Try building your app with 'next build' before starting the production server. https://nextjs.org/docs/messages/production-start-no-build-id
2025-03-05T10:00:46:     at setupFsCheck (C:\Users\Administrator\Documents\js\Anwar-Erp-Sys-SapB1-main\node_modules\next\dist\server\lib\router-utils\filesystem.js:151:19)
2025-03-05T10:00:46:     at async initialize (C:\Users\Administrator\Documents\js\Anwar-Erp-Sys-SapB1-main\node_modules\next\dist\server\lib\router-server.js:62:23)
2025-03-05T10:00:46:     at async Server.<anonymous> (C:\Users\Administrator\Documents\js\Anwar-Erp-Sys-SapB1-main\node_modules\next\dist\server\lib\start-server.js:249:36)
2025-03-05T10:00:50: Error: Could not find a production build in the '.next' directory. Try building your app with 'next build' before starting the production server. https://nextjs.org/docs/messages/production-start-no-build-id
2025-03-05T10:00:50:     at setupFsCheck (C:\Users\Administrator\Documents\js\Anwar-Erp-Sys-SapB1-main\node_modules\next\dist\server\lib\router-utils\filesystem.js:151:19)
2025-03-05T10:00:50:     at async initialize (C:\Users\Administrator\Documents\js\Anwar-Erp-Sys-SapB1-main\node_modules\next\dist\server\lib\router-server.js:62:23)
2025-03-05T10:00:50:     at async Server.<anonymous> (C:\Users\Administrator\Documents\js\Anwar-Erp-Sys-SapB1-main\node_modules\next\dist\server\lib\start-server.js:249:36)
2025-03-05T10:00:53: Error: Could not find a production build in the '.next' directory. Try building your app with 'next build' before starting the production server. https://nextjs.org/docs/messages/production-start-no-build-id
2025-03-05T10:00:53:     at setupFsCheck (C:\Users\Administrator\Documents\js\Anwar-Erp-Sys-SapB1-main\node_modules\next\dist\server\lib\router-utils\filesystem.js:151:19)
2025-03-05T10:00:53:     at async initialize (C:\Users\Administrator\Documents\js\Anwar-Erp-Sys-SapB1-main\node_modules\next\dist\server\lib\router-server.js:62:23)
2025-03-05T10:00:53:     at async Server.<anonymous> (C:\Users\Administrator\Documents\js\Anwar-Erp-Sys-SapB1-main\node_modules\next\dist\server\lib\start-server.js:249:36)
2025-03-05T10:00:56: Error: Could not find a production build in the '.next' directory. Try building your app with 'next build' before starting the production server. https://nextjs.org/docs/messages/production-start-no-build-id
2025-03-05T10:00:56:     at setupFsCheck (C:\Users\Administrator\Documents\js\Anwar-Erp-Sys-SapB1-main\node_modules\next\dist\server\lib\router-utils\filesystem.js:151:19)
2025-03-05T10:00:56:     at async initialize (C:\Users\Administrator\Documents\js\Anwar-Erp-Sys-SapB1-main\node_modules\next\dist\server\lib\router-server.js:62:23)
2025-03-05T10:00:56:     at async Server.<anonymous> (C:\Users\Administrator\Documents\js\Anwar-Erp-Sys-SapB1-main\node_modules\next\dist\server\lib\start-server.js:249:36)
2025-03-08T16:21:20: ^C
2025-03-08T16:21:20: ^C
2025-04-07T10:30:26: Error: Could not find a production build in the '.next' directory. Try building your app with 'next build' before starting the production server. https://nextjs.org/docs/messages/production-start-no-build-id
2025-04-07T10:30:26:     at setupFsCheck (C:\Users\Administrator\Documents\js\Anwar-Erp-Sys-SapB1-main\node_modules\next\dist\server\lib\router-utils\filesystem.js:151:19)
2025-04-07T10:30:26:     at async initialize (C:\Users\Administrator\Documents\js\Anwar-Erp-Sys-SapB1-main\node_modules\next\dist\server\lib\router-server.js:62:23)
2025-04-07T10:30:26:     at async Server.<anonymous> (C:\Users\Administrator\Documents\js\Anwar-Erp-Sys-SapB1-main\node_modules\next\dist\server\lib\start-server.js:249:36)
2025-04-07T10:30:29: Error: Could not find a production build in the '.next' directory. Try building your app with 'next build' before starting the production server. https://nextjs.org/docs/messages/production-start-no-build-id
2025-04-07T10:30:29:     at setupFsCheck (C:\Users\Administrator\Documents\js\Anwar-Erp-Sys-SapB1-main\node_modules\next\dist\server\lib\router-utils\filesystem.js:151:19)
2025-04-07T10:30:29:     at async initialize (C:\Users\Administrator\Documents\js\Anwar-Erp-Sys-SapB1-main\node_modules\next\dist\server\lib\router-server.js:62:23)
2025-04-07T10:30:29:     at async Server.<anonymous> (C:\Users\Administrator\Documents\js\Anwar-Erp-Sys-SapB1-main\node_modules\next\dist\server\lib\start-server.js:249:36)
2025-04-07T10:30:32: Error: Could not find a production build in the '.next' directory. Try building your app with 'next build' before starting the production server. https://nextjs.org/docs/messages/production-start-no-build-id
2025-04-07T10:30:32:     at setupFsCheck (C:\Users\Administrator\Documents\js\Anwar-Erp-Sys-SapB1-main\node_modules\next\dist\server\lib\router-utils\filesystem.js:151:19)
2025-04-07T10:30:32:     at async initialize (C:\Users\Administrator\Documents\js\Anwar-Erp-Sys-SapB1-main\node_modules\next\dist\server\lib\router-server.js:62:23)
2025-04-07T10:30:32:     at async Server.<anonymous> (C:\Users\Administrator\Documents\js\Anwar-Erp-Sys-SapB1-main\node_modules\next\dist\server\lib\start-server.js:249:36)
2025-04-07T10:30:35: Error: Could not find a production build in the '.next' directory. Try building your app with 'next build' before starting the production server. https://nextjs.org/docs/messages/production-start-no-build-id
2025-04-07T10:30:35:     at setupFsCheck (C:\Users\Administrator\Documents\js\Anwar-Erp-Sys-SapB1-main\node_modules\next\dist\server\lib\router-utils\filesystem.js:151:19)
2025-04-07T10:30:35:     at async initialize (C:\Users\Administrator\Documents\js\Anwar-Erp-Sys-SapB1-main\node_modules\next\dist\server\lib\router-server.js:62:23)
2025-04-07T10:30:35:     at async Server.<anonymous> (C:\Users\Administrator\Documents\js\Anwar-Erp-Sys-SapB1-main\node_modules\next\dist\server\lib\start-server.js:249:36)
2025-04-07T10:30:39: Error: Could not find a production build in the '.next' directory. Try building your app with 'next build' before starting the production server. https://nextjs.org/docs/messages/production-start-no-build-id
2025-04-07T10:30:39:     at setupFsCheck (C:\Users\Administrator\Documents\js\Anwar-Erp-Sys-SapB1-main\node_modules\next\dist\server\lib\router-utils\filesystem.js:151:19)
2025-04-07T10:30:39:     at async initialize (C:\Users\Administrator\Documents\js\Anwar-Erp-Sys-SapB1-main\node_modules\next\dist\server\lib\router-server.js:62:23)
2025-04-07T10:30:39:     at async Server.<anonymous> (C:\Users\Administrator\Documents\js\Anwar-Erp-Sys-SapB1-main\node_modules\next\dist\server\lib\start-server.js:249:36)
2025-04-07T10:30:42: Error: Could not find a production build in the '.next' directory. Try building your app with 'next build' before starting the production server. https://nextjs.org/docs/messages/production-start-no-build-id
2025-04-07T10:30:42:     at setupFsCheck (C:\Users\Administrator\Documents\js\Anwar-Erp-Sys-SapB1-main\node_modules\next\dist\server\lib\router-utils\filesystem.js:151:19)
2025-04-07T10:30:42:     at async initialize (C:\Users\Administrator\Documents\js\Anwar-Erp-Sys-SapB1-main\node_modules\next\dist\server\lib\router-server.js:62:23)
2025-04-07T10:30:42:     at async Server.<anonymous> (C:\Users\Administrator\Documents\js\Anwar-Erp-Sys-SapB1-main\node_modules\next\dist\server\lib\start-server.js:249:36)
2025-04-07T10:30:45: Error: Could not find a production build in the '.next' directory. Try building your app with 'next build' before starting the production server. https://nextjs.org/docs/messages/production-start-no-build-id
2025-04-07T10:30:45:     at setupFsCheck (C:\Users\Administrator\Documents\js\Anwar-Erp-Sys-SapB1-main\node_modules\next\dist\server\lib\router-utils\filesystem.js:151:19)
2025-04-07T10:30:45:     at async initialize (C:\Users\Administrator\Documents\js\Anwar-Erp-Sys-SapB1-main\node_modules\next\dist\server\lib\router-server.js:62:23)
2025-04-07T10:30:45:     at async Server.<anonymous> (C:\Users\Administrator\Documents\js\Anwar-Erp-Sys-SapB1-main\node_modules\next\dist\server\lib\start-server.js:249:36)
2025-04-07T10:30:48: Error: Could not find a production build in the '.next' directory. Try building your app with 'next build' before starting the production server. https://nextjs.org/docs/messages/production-start-no-build-id
2025-04-07T10:30:48:     at setupFsCheck (C:\Users\Administrator\Documents\js\Anwar-Erp-Sys-SapB1-main\node_modules\next\dist\server\lib\router-utils\filesystem.js:151:19)
2025-04-07T10:30:48:     at async initialize (C:\Users\Administrator\Documents\js\Anwar-Erp-Sys-SapB1-main\node_modules\next\dist\server\lib\router-server.js:62:23)
2025-04-07T10:30:48:     at async Server.<anonymous> (C:\Users\Administrator\Documents\js\Anwar-Erp-Sys-SapB1-main\node_modules\next\dist\server\lib\start-server.js:249:36)
2025-04-07T10:30:51: Error: Could not find a production build in the '.next' directory. Try building your app with 'next build' before starting the production server. https://nextjs.org/docs/messages/production-start-no-build-id
2025-04-07T10:30:51:     at setupFsCheck (C:\Users\Administrator\Documents\js\Anwar-Erp-Sys-SapB1-main\node_modules\next\dist\server\lib\router-utils\filesystem.js:151:19)
2025-04-07T10:30:51:     at async initialize (C:\Users\Administrator\Documents\js\Anwar-Erp-Sys-SapB1-main\node_modules\next\dist\server\lib\router-server.js:62:23)
2025-04-07T10:30:51:     at async Server.<anonymous> (C:\Users\Administrator\Documents\js\Anwar-Erp-Sys-SapB1-main\node_modules\next\dist\server\lib\start-server.js:249:36)
2025-04-07T10:30:55: Error: Could not find a production build in the '.next' directory. Try building your app with 'next build' before starting the production server. https://nextjs.org/docs/messages/production-start-no-build-id
2025-04-07T10:30:55:     at setupFsCheck (C:\Users\Administrator\Documents\js\Anwar-Erp-Sys-SapB1-main\node_modules\next\dist\server\lib\router-utils\filesystem.js:151:19)
2025-04-07T10:30:55:     at async initialize (C:\Users\Administrator\Documents\js\Anwar-Erp-Sys-SapB1-main\node_modules\next\dist\server\lib\router-server.js:62:23)
2025-04-07T10:30:55:     at async Server.<anonymous> (C:\Users\Administrator\Documents\js\Anwar-Erp-Sys-SapB1-main\node_modules\next\dist\server\lib\start-server.js:249:36)
2025-04-07T10:30:59: Error: Could not find a production build in the '.next' directory. Try building your app with 'next build' before starting the production server. https://nextjs.org/docs/messages/production-start-no-build-id
2025-04-07T10:30:59:     at setupFsCheck (C:\Users\Administrator\Documents\js\Anwar-Erp-Sys-SapB1-main\node_modules\next\dist\server\lib\router-utils\filesystem.js:151:19)
2025-04-07T10:30:59:     at async initialize (C:\Users\Administrator\Documents\js\Anwar-Erp-Sys-SapB1-main\node_modules\next\dist\server\lib\router-server.js:62:23)
2025-04-07T10:30:59:     at async Server.<anonymous> (C:\Users\Administrator\Documents\js\Anwar-Erp-Sys-SapB1-main\node_modules\next\dist\server\lib\start-server.js:249:36)
2025-04-07T10:31:02: Error: Could not find a production build in the '.next' directory. Try building your app with 'next build' before starting the production server. https://nextjs.org/docs/messages/production-start-no-build-id
2025-04-07T10:31:02:     at setupFsCheck (C:\Users\Administrator\Documents\js\Anwar-Erp-Sys-SapB1-main\node_modules\next\dist\server\lib\router-utils\filesystem.js:151:19)
2025-04-07T10:31:02:     at async initialize (C:\Users\Administrator\Documents\js\Anwar-Erp-Sys-SapB1-main\node_modules\next\dist\server\lib\router-server.js:62:23)
2025-04-07T10:31:02:     at async Server.<anonymous> (C:\Users\Administrator\Documents\js\Anwar-Erp-Sys-SapB1-main\node_modules\next\dist\server\lib\start-server.js:249:36)
2025-04-07T10:31:05: Error: Could not find a production build in the '.next' directory. Try building your app with 'next build' before starting the production server. https://nextjs.org/docs/messages/production-start-no-build-id
2025-04-07T10:31:05:     at setupFsCheck (C:\Users\Administrator\Documents\js\Anwar-Erp-Sys-SapB1-main\node_modules\next\dist\server\lib\router-utils\filesystem.js:151:19)
2025-04-07T10:31:05:     at async initialize (C:\Users\Administrator\Documents\js\Anwar-Erp-Sys-SapB1-main\node_modules\next\dist\server\lib\router-server.js:62:23)
2025-04-07T10:31:05:     at async Server.<anonymous> (C:\Users\Administrator\Documents\js\Anwar-Erp-Sys-SapB1-main\node_modules\next\dist\server\lib\start-server.js:249:36)
2025-04-07T10:31:08: Error: Could not find a production build in the '.next' directory. Try building your app with 'next build' before starting the production server. https://nextjs.org/docs/messages/production-start-no-build-id
2025-04-07T10:31:08:     at setupFsCheck (C:\Users\Administrator\Documents\js\Anwar-Erp-Sys-SapB1-main\node_modules\next\dist\server\lib\router-utils\filesystem.js:151:19)
2025-04-07T10:31:08:     at async initialize (C:\Users\Administrator\Documents\js\Anwar-Erp-Sys-SapB1-main\node_modules\next\dist\server\lib\router-server.js:62:23)
2025-04-07T10:31:08:     at async Server.<anonymous> (C:\Users\Administrator\Documents\js\Anwar-Erp-Sys-SapB1-main\node_modules\next\dist\server\lib\start-server.js:249:36)
2025-04-07T10:31:12: Error: Could not find a production build in the '.next' directory. Try building your app with 'next build' before starting the production server. https://nextjs.org/docs/messages/production-start-no-build-id
2025-04-07T10:31:12:     at setupFsCheck (C:\Users\Administrator\Documents\js\Anwar-Erp-Sys-SapB1-main\node_modules\next\dist\server\lib\router-utils\filesystem.js:151:19)
2025-04-07T10:31:12:     at async initialize (C:\Users\Administrator\Documents\js\Anwar-Erp-Sys-SapB1-main\node_modules\next\dist\server\lib\router-server.js:62:23)
2025-04-07T10:31:12:     at async Server.<anonymous> (C:\Users\Administrator\Documents\js\Anwar-Erp-Sys-SapB1-main\node_modules\next\dist\server\lib\start-server.js:249:36)
2025-04-07T10:31:16: Error: Could not find a production build in the '.next' directory. Try building your app with 'next build' before starting the production server. https://nextjs.org/docs/messages/production-start-no-build-id
2025-04-07T10:31:16:     at setupFsCheck (C:\Users\Administrator\Documents\js\Anwar-Erp-Sys-SapB1-main\node_modules\next\dist\server\lib\router-utils\filesystem.js:151:19)
2025-04-07T10:31:16:     at async initialize (C:\Users\Administrator\Documents\js\Anwar-Erp-Sys-SapB1-main\node_modules\next\dist\server\lib\router-server.js:62:23)
2025-04-07T10:31:16:     at async Server.<anonymous> (C:\Users\Administrator\Documents\js\Anwar-Erp-Sys-SapB1-main\node_modules\next\dist\server\lib\start-server.js:249:36)
2025-04-07T10:31:18: Error: Could not find a production build in the '.next' directory. Try building your app with 'next build' before starting the production server. https://nextjs.org/docs/messages/production-start-no-build-id
2025-04-07T10:31:18:     at setupFsCheck (C:\Users\Administrator\Documents\js\Anwar-Erp-Sys-SapB1-main\node_modules\next\dist\server\lib\router-utils\filesystem.js:151:19)
2025-04-07T10:31:18:     at async initialize (C:\Users\Administrator\Documents\js\Anwar-Erp-Sys-SapB1-main\node_modules\next\dist\server\lib\router-server.js:62:23)
2025-04-07T10:31:18:     at async Server.<anonymous> (C:\Users\Administrator\Documents\js\Anwar-Erp-Sys-SapB1-main\node_modules\next\dist\server\lib\start-server.js:249:36)
2025-04-07T10:31:22: Error: Could not find a production build in the '.next' directory. Try building your app with 'next build' before starting the production server. https://nextjs.org/docs/messages/production-start-no-build-id
2025-04-07T10:31:22:     at setupFsCheck (C:\Users\Administrator\Documents\js\Anwar-Erp-Sys-SapB1-main\node_modules\next\dist\server\lib\router-utils\filesystem.js:151:19)
2025-04-07T10:31:22:     at async initialize (C:\Users\Administrator\Documents\js\Anwar-Erp-Sys-SapB1-main\node_modules\next\dist\server\lib\router-server.js:62:23)
2025-04-07T10:31:22:     at async Server.<anonymous> (C:\Users\Administrator\Documents\js\Anwar-Erp-Sys-SapB1-main\node_modules\next\dist\server\lib\start-server.js:249:36)
2025-04-07T10:31:26: Error: Could not find a production build in the '.next' directory. Try building your app with 'next build' before starting the production server. https://nextjs.org/docs/messages/production-start-no-build-id
2025-04-07T10:31:26:     at setupFsCheck (C:\Users\Administrator\Documents\js\Anwar-Erp-Sys-SapB1-main\node_modules\next\dist\server\lib\router-utils\filesystem.js:151:19)
2025-04-07T10:31:26:     at async initialize (C:\Users\Administrator\Documents\js\Anwar-Erp-Sys-SapB1-main\node_modules\next\dist\server\lib\router-server.js:62:23)
2025-04-07T10:31:26:     at async Server.<anonymous> (C:\Users\Administrator\Documents\js\Anwar-Erp-Sys-SapB1-main\node_modules\next\dist\server\lib\start-server.js:249:36)
2025-04-07T10:31:27: Error: Could not find a production build in the '.next' directory. Try building your app with 'next build' before starting the production server. https://nextjs.org/docs/messages/production-start-no-build-id
2025-04-07T10:31:27:     at setupFsCheck (C:\Users\Administrator\Documents\js\Anwar-Erp-Sys-SapB1-main\node_modules\next\dist\server\lib\router-utils\filesystem.js:151:19)
2025-04-07T10:31:27:     at async initialize (C:\Users\Administrator\Documents\js\Anwar-Erp-Sys-SapB1-main\node_modules\next\dist\server\lib\router-server.js:62:23)
2025-04-07T10:31:27:     at async Server.<anonymous> (C:\Users\Administrator\Documents\js\Anwar-Erp-Sys-SapB1-main\node_modules\next\dist\server\lib\start-server.js:249:36)
2025-04-07T10:31:32: Error: ENOENT: no such file or directory, open 'C:\Users\Administrator\Documents\js\Anwar-Erp-Sys-SapB1-main\.next\prerender-manifest.json'
2025-04-07T10:31:32:     at async open (node:internal/fs/promises:638:25)
2025-04-07T10:31:32:     at async Object.readFile (node:internal/fs/promises:1242:14)
2025-04-07T10:31:32:     at async setupFsCheck (C:\Users\Administrator\Documents\js\Anwar-Erp-Sys-SapB1-main\node_modules\next\dist\server\lib\router-utils\filesystem.js:188:40)
2025-04-07T10:31:32:     at async initialize (C:\Users\Administrator\Documents\js\Anwar-Erp-Sys-SapB1-main\node_modules\next\dist\server\lib\router-server.js:62:23)
2025-04-07T10:31:32:     at async Server.<anonymous> (C:\Users\Administrator\Documents\js\Anwar-Erp-Sys-SapB1-main\node_modules\next\dist\server\lib\start-server.js:249:36) {
2025-04-07T10:31:32:   errno: -4058,
2025-04-07T10:31:32:   code: 'ENOENT',
2025-04-07T10:31:32:   syscall: 'open',
2025-04-07T10:31:32:   path: 'C:\\Users\\Administrator\\Documents\\js\\Anwar-Erp-Sys-SapB1-main\\.next\\prerender-manifest.json'
2025-04-07T10:31:32: }
